name:                hello
version:             0.1.0.0
build-type:          Simple
cabal-version:       >=1.10

library
  build-depends:       base >=4.6,
                       containers -any,

                       mtl >=2.1.2
  exposed-modules:     Hello
